[INFO] Scanning for projects...
[INFO] 
[INFO] ----------------------------< com.riwi:H2 >-----------------------------
[INFO] Building H2 0.0.1-SNAPSHOT
[INFO]   from pom.xml
[INFO] --------------------------------[ jar ]---------------------------------
[INFO] 
[INFO] >>> spring-boot:3.5.7:run (default-cli) > test-compile @ H2 >>>
[INFO] 
[INFO] --- resources:3.3.1:resources (default-resources) @ H2 ---
[INFO] Copying 2 resources from src/main/resources to target/classes
[INFO] Copying 0 resource from src/main/resources to target/classes
[INFO] 
[INFO] --- compiler:3.10.1:compile (default-compile) @ H2 ---
[INFO] Nothing to compile - all classes are up to date
[INFO] 
[INFO] --- resources:3.3.1:testResources (default-testResources) @ H2 ---
[INFO] skip non existing resourceDirectory /home/pablo/Documents/H2/src/test/resources
[INFO] 
[INFO] --- compiler:3.10.1:testCompile (default-testCompile) @ H2 ---
[INFO] Nothing to compile - all classes are up to date
[INFO] 
[INFO] <<< spring-boot:3.5.7:run (default-cli) < test-compile @ H2 <<<
[INFO] 
[INFO] 
[INFO] --- spring-boot:3.5.7:run (default-cli) @ H2 ---
[INFO] Attaching agents: []

  .   ____          _            __ _ _
 /\\ / ___'_ __ _ _(_)_ __  __ _ \ \ \ \
( ( )\___ | '_ | '_| | '_ \/ _` | \ \ \ \
 \\/  ___)| |_)| | | | | || (_| |  ) ) ) )
  '  |____| .__|_| |_|_| |_\__, | / / / /
 =========|_|==============|___/=/_/_/_/

 :: Spring Boot ::                (v3.5.7)

2025-11-19T23:06:11.614-05:00  INFO 42197 --- [H2 ] [           main] com.riwi.H2.H1Application                : Starting H1Application using Java 17.0.16 with PID 42197 (/home/pablo/Documents/H2/target/classes started by pablo in /home/pablo/Documents/H2)
2025-11-19T23:06:11.618-05:00  INFO 42197 --- [H2 ] [           main] com.riwi.H2.H1Application                : The following 1 profile is active: "jpa"
2025-11-19T23:06:12.258-05:00  INFO 42197 --- [H2 ] [           main] .s.d.r.c.RepositoryConfigurationDelegate : Bootstrapping Spring Data JPA repositories in DEFAULT mode.
2025-11-19T23:06:12.302-05:00  INFO 42197 --- [H2 ] [           main] .s.d.r.c.RepositoryConfigurationDelegate : Finished Spring Data repository scanning in 38 ms. Found 2 JPA repository interfaces.
2025-11-19T23:06:12.646-05:00  INFO 42197 --- [H2 ] [           main] o.s.b.w.embedded.tomcat.TomcatWebServer  : Tomcat initialized with port 8080 (http)
2025-11-19T23:06:12.655-05:00  INFO 42197 --- [H2 ] [           main] o.apache.catalina.core.StandardService   : Starting service [Tomcat]
2025-11-19T23:06:12.656-05:00  INFO 42197 --- [H2 ] [           main] o.apache.catalina.core.StandardEngine    : Starting Servlet engine: [Apache Tomcat/10.1.48]
2025-11-19T23:06:12.687-05:00  INFO 42197 --- [H2 ] [           main] o.a.c.c.C.[Tomcat].[localhost].[/]       : Initializing Spring embedded WebApplicationContext
2025-11-19T23:06:12.688-05:00  INFO 42197 --- [H2 ] [           main] w.s.c.ServletWebServerApplicationContext : Root WebApplicationContext: initialization completed in 1017 ms
2025-11-19T23:06:12.798-05:00  INFO 42197 --- [H2 ] [           main] o.hibernate.jpa.internal.util.LogHelper  : HHH000204: Processing PersistenceUnitInfo [name: default]
2025-11-19T23:06:12.825-05:00  INFO 42197 --- [H2 ] [           main] org.hibernate.Version                    : HHH000412: Hibernate ORM core version 6.6.33.Final
2025-11-19T23:06:12.850-05:00  INFO 42197 --- [H2 ] [           main] o.h.c.internal.RegionFactoryInitiator    : HHH000026: Second-level cache disabled
2025-11-19T23:06:13.012-05:00  INFO 42197 --- [H2 ] [           main] o.s.o.j.p.SpringPersistenceUnitInfo      : No LoadTimeWeaver setup: ignoring JPA class transformer
2025-11-19T23:06:13.030-05:00  INFO 42197 --- [H2 ] [           main] com.zaxxer.hikari.HikariDataSource       : HikariPool-1 - Starting...
2025-11-19T23:06:13.150-05:00  INFO 42197 --- [H2 ] [           main] com.zaxxer.hikari.pool.HikariPool        : HikariPool-1 - Added connection conn0: url=jdbc:h2:mem:riwi_db user=SA
2025-11-19T23:06:13.152-05:00  INFO 42197 --- [H2 ] [           main] com.zaxxer.hikari.HikariDataSource       : HikariPool-1 - Start completed.
2025-11-19T23:06:13.192-05:00  INFO 42197 --- [H2 ] [           main] org.hibernate.orm.connections.pooling    : HHH10001005: Database info:
	Database JDBC URL [Connecting through datasource 'HikariDataSource (HikariPool-1)']
	Database driver: undefined/unknown
	Database version: 2.3.232
	Autocommit mode: undefined/unknown
	Isolation level: undefined/unknown
	Minimum pool size: undefined/unknown
	Maximum pool size: undefined/unknown
2025-11-19T23:06:13.738-05:00  INFO 42197 --- [H2 ] [           main] o.h.e.t.j.p.i.JtaPlatformInitiator       : HHH000489: No JTA platform available (set 'hibernate.transaction.jta.platform' to enable JTA platform integration)
Hibernate: 
    create table events (
        id bigint generated by default as identity,
        date date not null,
        name varchar(255) not null,
        venue_id bigint not null,
        primary key (id)
    )
Hibernate: 
    create table venues (
        id bigint generated by default as identity,
        capacity integer not null,
        location varchar(255) not null,
        name varchar(255) not null,
        primary key (id)
    )
Hibernate: 
    alter table if exists events 
       add constraint FKqdxygdernwwt74hdvix9u5nr3 
       foreign key (venue_id) 
       references venues
2025-11-19T23:06:13.787-05:00  INFO 42197 --- [H2 ] [           main] j.LocalContainerEntityManagerFactoryBean : Initialized JPA EntityManagerFactory for persistence unit 'default'
2025-11-19T23:06:14.020-05:00  WARN 42197 --- [H2 ] [           main] JpaBaseConfiguration$JpaWebConfiguration : spring.jpa.open-in-view is enabled by default. Therefore, database queries may be performed during view rendering. Explicitly configure spring.jpa.open-in-view to disable this warning
2025-11-19T23:06:14.297-05:00  INFO 42197 --- [H2 ] [           main] o.s.b.a.h2.H2ConsoleAutoConfiguration    : H2 console available at '/h2-console'. Database available at 'jdbc:h2:mem:riwi_db'
2025-11-19T23:06:14.349-05:00  INFO 42197 --- [H2 ] [           main] o.s.b.w.embedded.tomcat.TomcatWebServer  : Tomcat started on port 8080 (http) with context path '/'
2025-11-19T23:06:14.358-05:00  INFO 42197 --- [H2 ] [           main] com.riwi.H2.H1Application                : Started H1Application in 3.129 seconds (process running for 3.439)
2025-11-19T23:09:55.122-05:00  INFO 42197 --- [H2 ] [nio-8080-exec-1] o.a.c.c.C.[Tomcat].[localhost].[/]       : Initializing Spring DispatcherServlet 'dispatcherServlet'
2025-11-19T23:09:55.122-05:00  INFO 42197 --- [H2 ] [nio-8080-exec-1] o.s.web.servlet.DispatcherServlet        : Initializing Servlet 'dispatcherServlet'
2025-11-19T23:09:55.123-05:00  INFO 42197 --- [H2 ] [nio-8080-exec-1] o.s.web.servlet.DispatcherServlet        : Completed initialization in 1 ms
2025-11-19T23:09:55.752-05:00  INFO 42197 --- [H2 ] [nio-8080-exec-4] o.springdoc.api.AbstractOpenApiResource  : Init duration for springdoc-openapi is: 263 ms
